#-----------------------------------------------------------
# Vivado v2019.2 (64-bit)
# SW Build 2708876 on Wed Nov  6 21:40:23 MST 2019
# IP Build 2700528 on Thu Nov  7 00:09:20 MST 2019
# Start of session at: Thu Jan 20 15:53:57 2022
# Process ID: 1956
# Current directory: C:/Users/ysfyi/Desktop/pldlab_project/q_7
# Command line: vivado.exe -gui_launcher_event rodinguilauncherevent15792 C:\Users\ysfyi\Desktop\pldlab_project\q_7\q_7.xpr
# Log file: C:/Users/ysfyi/Desktop/pldlab_project/q_7/vivado.log
# Journal file: C:/Users/ysfyi/Desktop/pldlab_project/q_7\vivado.jou
#-----------------------------------------------------------
start_gui
open_project C:/Users/ysfyi/Desktop/pldlab_project/q_7/q_7.xpr
update_compile_order -fileset sources_1
launch_simulation
source q7_top.tcl
add_force {/q7_top/in_num_A_1} -radix hex {0 0ns}
add_force {/q7_top/in_num_A_2} -radix hex {0 0ns}
add_force {/q7_top/in_num_A_3} -radix hex {0 0ns}
add_force {/q7_top/in_num_A_0} -radix hex {1 0ns}
add_force {/q7_top/in_num_B_0} -radix hex {0 0ns}
add_force {/q7_top/in_num_B_1} -radix hex {1 0ns}
add_force {/q7_top/in_num_B_2} -radix hex {0 0ns}
add_force {/q7_top/in_num_B_3} -radix hex {0 0ns}
add_force {/q7_top/carry_in} -radix hex {0 0ns}
run 20 ns
close_sim
